
> backend@0.0.1 test
> jest src/inventory/services/inventory-transactions.service.spec.ts

node.exe : FAIL src/i
nventory/services/inv
entory-transactions.s
ervice.spec.ts
At line:1 char:1
+ & "C:\Program Files
\nodejs/node.exe" 
"C:\Program 
Files\nodejs/node_mo 
...
+ ~~~~~~~~~~~~~~~~~~~
~~~~~~~~~~~~~~~~~~~~~
~~~~~~~~~~~~~~~~~~~~~
~~~~~~~~
    + CategoryInfo   
           : NotSpe  
  cified: (FAIL sr   
 c/invent...servi    
ce.spec.ts:Strin    
g) [], RemoteExc    
eption
    + FullyQualified 
   ErrorId : Native  
  CommandError
 
  InventoryTransactio
nsService
    
processTransaction - 
Receipt
      ├ù should 
process a receipt 
transaction 
correctly (67 ms)
    
processTransaction - 
Issue
      ΓêÜ should 
process an issue 
transaction and use 
FIFO logic (13 ms)
      ├ù should 
throw InsufficientSto
ckException if stock 
is low (132 ms)
    Location 
Validation
      ΓêÜ should 
enforce pessimistic 
locking on correct 
location keys (28 ms)

  ΓùÅ InventoryTransa
ctionsService ΓÇ║ 
processTransaction - 
Receipt ΓÇ║ should 
process a receipt 
transaction correctly

    expect(jest.fn())
.toHaveBeenCalledWith
(...expected)

    Expected: 
[Function 
InventoryBalance], 
ObjectContaining 
{"itemId": "item-1", 
"quantityOnHand": 0, 
"warehouseId": 
"warehouse-1"}
    Received
           1: 
[Function InventoryTr
ansaction], 
{"createdBy": 
"user-1", 
"expiryDate": 
undefined, 
"fiscalPeriodId": 
"period-1", 
"itemId": "item-1", 
"manufactureDate": 
undefined, 
"quantity": 10, 
"roomId": "room-1", 
"totalCost": 1000, 
"transactionDate": 20
26-02-10T00:00:00.000
Z, 
"transactionNumber": 
"RCP-2025-0001", 
"transactionType": 
"RECEIPT", 
"unitCost": 100, 
"unitOfMeasure": 
"KG", "warehouseId": 
"warehouse-1"}
           2: 
[Function 
InventoryBalance], 
{"customerId": 
undefined, "itemId": 
"item-1", 
"lastMovementDate": 
"2026-02-10", 
"lastMovementType": 
"RECEIPT", 
"lotNumber": 
undefined, 
"quantityAvailable": 
10, 
"quantityOnHand": 
10, 
"quantityReserved": 
0, "roomId": 
"room-1", 
"totalValue": 1000, 
"warehouseId": 
"warehouse-1", "weigh
tedAverageCost": 100}
           3: 
[Function 
InventoryCostLayer], 
{"customerId": 
undefined, 
"isFullyConsumed": 
false, "itemId": 
"item-1", 
"lotNumber": 
undefined, 
"originalQuantity": 
10, "receiptDate": 
"2026-02-10", 
"receiptReference": 
undefined, "receiptTr
ansactionId": 
"trans-1", 
"remainingQuantity": 
10, "roomId": 
"room-1", 
"unitCost": 100, 
"warehouseId": 
"warehouse-1"}

    Number of calls: 
3

    [0m [90m 143 
|[39m
     [90m 144 
|[39m             ex
pect(mockDataSource[
33m.[39mtransaction)
[33m.[39mtoHaveBeen
Called()[33m;[39m
    [31m[1m>[22m[
39m[90m 145 |[39m  
           expect(moc
kEntityManager[33m.
[39mcreate)[33m.[39
mtoHaveBeenCalledWith
([33mInventoryBalanc
e[39m[33m,[39m exp
ect[33m.[39mobjectC
ontaining({
     [90m     
|[39m               
                     
          
[31m[1m^[22m[39m
     [90m 146 
|[39m               
  itemId[33m:[39m 
[32m'item-1'[39m[33
m,[39m
     [90m 147 
|[39m               
  warehouseId[33m:[
39m [32m'warehouse-1
'[39m[33m,[39m
     [90m 148 
|[39m               
  quantityOnHand[33m
:[39m [35m0[39m[3
3m,[39m[0m

      at 
Object.<anonymous> (i
nventory/services/inv
entory-transactions.s
ervice.spec.ts:145:46
)

  ΓùÅ InventoryTransa
ctionsService ΓÇ║ 
processTransaction - 
Issue ΓÇ║ should 
throw InsufficientSto
ckException if stock 
is low

    expect(received).
rejects.toThrow(expec
ted)

    Expected 
constructor: Insuffic
ientStockException
    Received 
constructor: 
TypeError

    Received 
message: "Cannot 
read properties of 
undefined (reading 
'itemId')"

        [0m [90m 
136 |[39m     
[90m// 1. Check 
stock 
availability[39m
         [90m 137 
|[39m     
[36mconst[39m 
availability 
[33m=[39m 
[36mawait[39m [36m
this[39m[33m.[39mc
heckStockAvailability
(
        [31m[1m>[2
2m[39m[90m 138 
|[39m       transact
ion[33m.[39mitemId
[33m,[39m
         [90m     
|[39m               
    
[31m[1m^[22m[39m
         [90m 139 
|[39m       transact
ion[33m.[39mcustome
rId[33m,[39m
         [90m 140 
|[39m       transact
ion[33m.[39mwarehou
seId[33m,[39m
         [90m 141 
|[39m       transact
ion[33m.[39mroomId
[33m,[39m[0m

      at InventoryTra
nsactionsService.proc
essIssue (inventory/s
ervices/inventory-tra
nsactions.service.ts:
138:19)
      at inventory/se
rvices/inventory-tran
sactions.service.ts:8
5:22
      at InventoryTra
nsactionsService.proc
essTransaction (inven
tory/services/invento
ry-transactions.servi
ce.ts:63:12)
      at 
Object.<anonymous> (i
nventory/services/inv
entory-transactions.s
ervice.spec.ts:226:13
)
      at 
Object.toThrow (../no
de_modules/expect/bui
ld/index.js:2155:20)
      at 
Object.<anonymous> (i
nventory/services/inv
entory-transactions.s
ervice.spec.ts:227:26
)

Test Suites: 1 
failed, 1 total
Tests:       2 
failed, 2 passed, 4 
total
Snapshots:   0 total
Time:        4.345 s
Ran all test suites 
matching src/inventor
y/services/inventory-
transactions.service.
spec.ts.
